// Jest Snapshot v1, https://goo.gl/fbAQLP

exports[`QuestionDetail Component should render correctly 1`] = `
<div
  className="viewSection"
>
  <WithStyles(Typography)
    className="whiteColor padding-10"
    component="h3"
    variant="title"
  />
  <WithStyles(Grid)
    className="verticalSpacing"
    container={true}
    spacing={8}
  />
  <WithStyles(Snackbar)
    ContentProps={
      Object {
        "aria-describedby": "message-id",
      }
    }
    anchorOrigin={
      Object {
        "horizontal": "right",
        "vertical": "bottom",
      }
    }
    autoHideDuration={2000}
    onClose={
      Object {
        "mock": [MockFunction],
      }
    }
    open={
      Object {
        "mock": [MockFunction],
      }
    }
  >
    <WithStyles(SnackbarContent)
      message={
        <span
          id="message-id"
        >
          Your vote counted!
        </span>
      }
      style={
        Object {
          "backgroundColor": "green",
        }
      }
    />
  </WithStyles(Snackbar)>
</div>
`;
