// Jest Snapshot v1, https://goo.gl/fbAQLP

exports[`CreateQuestion Component should render correctly 1`] = `
<div>
  <Form>
    <WithStyles(Grid)
      container={true}
      spacing={24}
      style={
        Object {
          "padding": 20,
        }
      }
    >
      <WithStyles(Grid)
        item={true}
        lg={6}
        md={6}
        xs={12}
      >
        <TextField
          InputLabelProps={
            Object {
              "style": Object {
                "color": "#fff",
              },
            }
          }
          InputProps={
            Object {
              "style": Object {
                "color": "#00cea5",
              },
            }
          }
          fullWidth={true}
          id="question"
          label="Question"
          margin="normal"
          name="question"
          required={false}
          select={false}
          value=""
          variant="standard"
        />
      </WithStyles(Grid)>
      <WithStyles(Grid)
        item={true}
        lg={6}
        md={6}
        xs={12}
      >
        <TextField
          InputLabelProps={
            Object {
              "style": Object {
                "color": "#fff",
              },
            }
          }
          InputProps={
            Object {
              "style": Object {
                "color": "#00cea5",
              },
            }
          }
          fullWidth={true}
          id="question"
          label="Choices"
          margin="normal"
          name="choices"
          required={false}
          select={false}
          style={
            Object {
              "color": "#fff",
            }
          }
          value=""
          variant="standard"
        />
      </WithStyles(Grid)>
      <WithStyles(Grid)
        item={true}
        lg={6}
        md={6}
        xs={12}
      >
        <WithStyles(Button)
          color="primary"
          type="submit"
          variant="contained"
        >
          Create Question
        </WithStyles(Button)>
      </WithStyles(Grid)>
    </WithStyles(Grid)>
  </Form>
  <WithStyles(Snackbar)
    ContentProps={
      Object {
        "aria-describedby": "message-id",
      }
    }
    anchorOrigin={
      Object {
        "horizontal": "right",
        "vertical": "bottom",
      }
    }
    autoHideDuration={2000}
    onClose={[Function]}
  >
    <WithStyles(SnackbarContent)
      message={
        <span
          id="message-id"
        >
          Your question created!
        </span>
      }
      style={
        Object {
          "backgroundColor": "green",
        }
      }
    />
  </WithStyles(Snackbar)>
</div>
`;
